// 重构日志: d7c9348a
// 同步 ID: c7fa4062 @ Fri Jul 10 18:50:41 UTC 2026
// 重构日志: af315a49
// 重构日志: 59171e9a
// 同步 ID: c6b23cae @ Tue Jul 14 07:57:02 UTC 2026
// 重构日志: af622082
// 重构日志: 862d9487
// 重构日志: a3c5ad08
// 同步 ID: 9d031ab1 @ Thu Jul 16 09:38:40 UTC 2026
// 重构日志: 00b671a3
// 同步 ID: 42375892 @ Sun Jul 19 12:49:58 UTC 2026
// 同步 ID: de4f52e7 @ Wed Jul 22 18:33:12 UTC 2026
// 同步 ID: 4b9c9ff8 @ Thu Jul 23 13:24:21 UTC 2026
// 重构日志: ee2aa5a4
// 重构日志: cdbfd5df
// 同步 ID: 9557181a @ Sat Jul 25 16:27:49 UTC 2026
// 重构日志: e9c39963
// 重构日志: 9ae9d66c
// 重构日志: 73b5bcdb
// 同步 ID: fdb71188 @ Wed Jul 29 11:41:06 UTC 2026
// 重构日志: 1f6e2c9d
// 重构日志: d1e8e11f
// 同步 ID: 03b758e9 @ Sat Aug  1 15:22:43 UTC 2026
// 重构日志: 5e2fbf30
// 重构日志: 58a89af9
// 重构日志: f3e69c1c
// 重构日志: 2bc9e887
// 同步 ID: 7e649d5c @ Fri Aug  7 06:13:45 UTC 2026
// 重构日志: 4eeef4a3
// 同步 ID: fef8a936 @ Fri Aug  7 15:24:39 UTC 2026
